interactions:
- request:
    body: '<?xml version=''1.0'' encoding=''utf-8''?>

      <soap-env:Envelope xmlns:soap-env="http://schemas.xmlsoap.org/soap/envelope/"><soap-env:Header
      xmlns:wsa="http://www.w3.org/2005/08/addressing"><wsa:Action>http://www.cdiscount.com/IMarketplaceAPIService/ManageParcel</wsa:Action><wsa:MessageID>urn:uuid:0c652ca0-0c62-4276-8ebe-b150735a4aea</wsa:MessageID><wsa:To>https://wsvc.cdiscount.com/MarketplaceAPIService.svc</wsa:To></soap-env:Header><soap-env:Body><ns0:ManageParcel
      xmlns:ns0="http://www.cdiscount.com"><ns0:headerMessage><ns1:Context xmlns:ns1="http://schemas.datacontract.org/2004/07/Cdiscount.Framework.Core.Communication.Messages"><ns1:CatalogID>1</ns1:CatalogID><ns1:SiteID>100</ns1:SiteID></ns1:Context><ns2:Localization
      xmlns:ns2="http://schemas.datacontract.org/2004/07/Cdiscount.Framework.Core.Communication.Messages"><ns2:Country>Fr</ns2:Country></ns2:Localization><ns3:Security
      xmlns:ns3="http://schemas.datacontract.org/2004/07/Cdiscount.Framework.Core.Communication.Messages"><ns3:DomainRightsList
      xmlns:xsi="http://www.w3.org/2001/XMLSchema-instance" xsi:nil="true"/><ns3:IssuerID
      xmlns:xsi="http://www.w3.org/2001/XMLSchema-instance" xsi:nil="true"/><ns3:SessionID
      xmlns:xsi="http://www.w3.org/2001/XMLSchema-instance" xsi:nil="true"/><ns3:TokenId>c7de3e782ae74b55b7050c85422ce8ad</ns3:TokenId><ns3:UserName></ns3:UserName></ns3:Security><ns4:Version
      xmlns:ns4="http://schemas.datacontract.org/2004/07/Cdiscount.Framework.Core.Communication.Messages">1.0</ns4:Version></ns0:headerMessage><ns0:manageParcelRequest><ns0:ParcelActionsList/></ns0:manageParcelRequest></ns0:ManageParcel></soap-env:Body></soap-env:Envelope>'
    headers:
      Accept:
      - '*/*'
      Accept-Encoding:
      - gzip, deflate
      Connection:
      - keep-alive
      Content-Length:
      - '1631'
      Content-Type:
      - text/xml; charset=utf-8
      SOAPAction:
      - '"http://www.cdiscount.com/IMarketplaceAPIService/ManageParcel"'
      User-Agent:
      - Zeep/3.3.1 (www.python-zeep.org)
    method: POST
    uri: https://wsvc.cdiscount.com/MarketplaceAPIService.svc
  response:
    body:
      string: <s:Envelope xmlns:s="http://schemas.xmlsoap.org/soap/envelope/"><s:Body><ManageParcelResponse
        xmlns="http://www.cdiscount.com"><ManageParcelResult xmlns:i="http://www.w3.org/2001/XMLSchema-instance"><ErrorMessage
        xmlns="http://schemas.datacontract.org/2004/07/Cdiscount.Framework.Core.Communication.Messages">Le
        champ ParcelInfo du message est manquant !</ErrorMessage><OperationSuccess
        xmlns="http://schemas.datacontract.org/2004/07/Cdiscount.Framework.Core.Communication.Messages">false</OperationSuccess><ErrorList><Error><ErrorType>UnexpectedException</ErrorType><Message>Le
        champ ParcelInfo du message est manquant !</Message></Error></ErrorList><SellerLogin>SELLERLOGIN</SellerLogin><TokenId>TOKENID</TokenId><ParcelActionResultList/></ManageParcelResult></ManageParcelResponse></s:Body></s:Envelope>
    headers:
      Content-Type:
      - text/xml; charset=utf-8
      Date:
      - Mon, 13 May 2019 13:30:52 GMT
      Vary:
      - Accept-Encoding
      content-length:
      - '833'
    status:
      code: 200
      message: OK
- request:
    body: '<?xml version=''1.0'' encoding=''utf-8''?>

      <soap-env:Envelope xmlns:soap-env="http://schemas.xmlsoap.org/soap/envelope/"><soap-env:Header
      xmlns:wsa="http://www.w3.org/2005/08/addressing"><wsa:Action>http://www.cdiscount.com/IMarketplaceAPIService/ManageParcel</wsa:Action><wsa:MessageID>urn:uuid:8c57f415-2f00-4a27-85b6-b880966af107</wsa:MessageID><wsa:To>https://wsvc.cdiscount.com/MarketplaceAPIService.svc</wsa:To></soap-env:Header><soap-env:Body><ns0:ManageParcel
      xmlns:ns0="http://www.cdiscount.com"><ns0:headerMessage><ns1:Context xmlns:ns1="http://schemas.datacontract.org/2004/07/Cdiscount.Framework.Core.Communication.Messages"><ns1:CatalogID>1</ns1:CatalogID><ns1:SiteID>100</ns1:SiteID></ns1:Context><ns2:Localization
      xmlns:ns2="http://schemas.datacontract.org/2004/07/Cdiscount.Framework.Core.Communication.Messages"><ns2:Country>Fr</ns2:Country></ns2:Localization><ns3:Security
      xmlns:ns3="http://schemas.datacontract.org/2004/07/Cdiscount.Framework.Core.Communication.Messages"><ns3:DomainRightsList
      xmlns:xsi="http://www.w3.org/2001/XMLSchema-instance" xsi:nil="true"/><ns3:IssuerID
      xmlns:xsi="http://www.w3.org/2001/XMLSchema-instance" xsi:nil="true"/><ns3:SessionID
      xmlns:xsi="http://www.w3.org/2001/XMLSchema-instance" xsi:nil="true"/><ns3:TokenId>8fac9513539a4368b4055672baa76903</ns3:TokenId><ns3:UserName></ns3:UserName></ns3:Security><ns4:Version
      xmlns:ns4="http://schemas.datacontract.org/2004/07/Cdiscount.Framework.Core.Communication.Messages">1.0</ns4:Version></ns0:headerMessage><ns0:manageParcelRequest><ns0:ParcelActionsList/></ns0:manageParcelRequest></ns0:ManageParcel></soap-env:Body></soap-env:Envelope>'
    headers:
      Accept:
      - '*/*'
      Accept-Encoding:
      - gzip, deflate
      Connection:
      - keep-alive
      Content-Length:
      - '1631'
      Content-Type:
      - text/xml; charset=utf-8
      SOAPAction:
      - '"http://www.cdiscount.com/IMarketplaceAPIService/ManageParcel"'
      User-Agent:
      - Zeep/3.3.1 (www.python-zeep.org)
    method: POST
    uri: https://wsvc.cdiscount.com/MarketplaceAPIService.svc
  response:
    body:
      string: <s:Envelope xmlns:s="http://schemas.xmlsoap.org/soap/envelope/"><s:Body><ManageParcelResponse
        xmlns="http://www.cdiscount.com"><ManageParcelResult xmlns:i="http://www.w3.org/2001/XMLSchema-instance"><ErrorMessage
        xmlns="http://schemas.datacontract.org/2004/07/Cdiscount.Framework.Core.Communication.Messages">Le
        champ ParcelInfo du message est manquant !</ErrorMessage><OperationSuccess
        xmlns="http://schemas.datacontract.org/2004/07/Cdiscount.Framework.Core.Communication.Messages">false</OperationSuccess><ErrorList><Error><ErrorType>UnexpectedException</ErrorType><Message>Le
        champ ParcelInfo du message est manquant !</Message></Error></ErrorList><SellerLogin>SELLERLOGIN</SellerLogin><TokenId>TOKENID</TokenId><ParcelActionResultList/></ManageParcelResult></ManageParcelResponse></s:Body></s:Envelope>
    headers:
      Content-Type:
      - text/xml; charset=utf-8
      Date:
      - Tue, 14 May 2019 08:31:34 GMT
      Vary:
      - Accept-Encoding
      content-length:
      - '833'
    status:
      code: 200
      message: OK
- request:
    body: '<?xml version=''1.0'' encoding=''utf-8''?>

      <soap-env:Envelope xmlns:soap-env="http://schemas.xmlsoap.org/soap/envelope/"><soap-env:Header
      xmlns:wsa="http://www.w3.org/2005/08/addressing"><wsa:Action>http://www.cdiscount.com/IMarketplaceAPIService/ManageParcel</wsa:Action><wsa:MessageID>urn:uuid:6463f676-4cd1-4f1d-a507-7d536d319ef1</wsa:MessageID><wsa:To>https://wsvc.cdiscount.com/MarketplaceAPIService.svc</wsa:To></soap-env:Header><soap-env:Body><ns0:ManageParcel
      xmlns:ns0="http://www.cdiscount.com"><ns0:headerMessage><ns1:Context xmlns:ns1="http://schemas.datacontract.org/2004/07/Cdiscount.Framework.Core.Communication.Messages"><ns1:CatalogID>1</ns1:CatalogID><ns1:SiteID>100</ns1:SiteID></ns1:Context><ns2:Localization
      xmlns:ns2="http://schemas.datacontract.org/2004/07/Cdiscount.Framework.Core.Communication.Messages"><ns2:Country>Fr</ns2:Country></ns2:Localization><ns3:Security
      xmlns:ns3="http://schemas.datacontract.org/2004/07/Cdiscount.Framework.Core.Communication.Messages"><ns3:DomainRightsList
      xmlns:xsi="http://www.w3.org/2001/XMLSchema-instance" xsi:nil="true"/><ns3:IssuerID
      xmlns:xsi="http://www.w3.org/2001/XMLSchema-instance" xsi:nil="true"/><ns3:SessionID
      xmlns:xsi="http://www.w3.org/2001/XMLSchema-instance" xsi:nil="true"/><ns3:TokenId>c86b1d18efeb4058956125d8806df6e2</ns3:TokenId><ns3:UserName></ns3:UserName></ns3:Security><ns4:Version
      xmlns:ns4="http://schemas.datacontract.org/2004/07/Cdiscount.Framework.Core.Communication.Messages">1.0</ns4:Version></ns0:headerMessage><ns0:manageParcelRequest><ns0:ParcelActionsList/></ns0:manageParcelRequest></ns0:ManageParcel></soap-env:Body></soap-env:Envelope>'
    headers:
      Accept:
      - '*/*'
      Accept-Encoding:
      - gzip, deflate
      Connection:
      - keep-alive
      Content-Length:
      - '1631'
      Content-Type:
      - text/xml; charset=utf-8
      SOAPAction:
      - '"http://www.cdiscount.com/IMarketplaceAPIService/ManageParcel"'
      User-Agent:
      - Zeep/3.3.1 (www.python-zeep.org)
    method: POST
    uri: https://wsvc.cdiscount.com/MarketplaceAPIService.svc
  response:
    body:
      string: <s:Envelope xmlns:s="http://schemas.xmlsoap.org/soap/envelope/"><s:Body><ManageParcelResponse
        xmlns="http://www.cdiscount.com"><ManageParcelResult xmlns:i="http://www.w3.org/2001/XMLSchema-instance"><ErrorMessage
        xmlns="http://schemas.datacontract.org/2004/07/Cdiscount.Framework.Core.Communication.Messages">Le
        champ ParcelInfo du message est manquant !</ErrorMessage><OperationSuccess
        xmlns="http://schemas.datacontract.org/2004/07/Cdiscount.Framework.Core.Communication.Messages">false</OperationSuccess><ErrorList><Error><ErrorType>UnexpectedException</ErrorType><Message>Le
        champ ParcelInfo du message est manquant !</Message></Error></ErrorList><SellerLogin>SELLERLOGIN</SellerLogin><TokenId>TOKENID</TokenId><ParcelActionResultList/></ManageParcelResult></ManageParcelResponse></s:Body></s:Envelope>
    headers:
      Content-Type:
      - text/xml; charset=utf-8
      Date:
      - Thu, 16 May 2019 15:30:58 GMT
      Vary:
      - Accept-Encoding
      content-length:
      - '833'
    status:
      code: 200
      message: OK
version: 1
