interactions:
- request:
    body: '<?xml version=''1.0'' encoding=''utf-8''?>

      <soap-env:Envelope xmlns:soap-env="http://schemas.xmlsoap.org/soap/envelope/"><soap-env:Header
      xmlns:wsa="http://www.w3.org/2005/08/addressing"><wsa:Action>http://www.cdiscount.com/IMarketplaceAPIService/GetProductListByIdentifier</wsa:Action><wsa:MessageID>urn:uuid:af8facab-4496-4e49-b0cb-7e1f1a423276</wsa:MessageID><wsa:To>https://wsvc.cdiscount.com/MarketplaceAPIService.svc</wsa:To></soap-env:Header><soap-env:Body><ns0:GetProductListByIdentifier
      xmlns:ns0="http://www.cdiscount.com"><ns0:headerMessage><ns1:Context xmlns:ns1="http://schemas.datacontract.org/2004/07/Cdiscount.Framework.Core.Communication.Messages"><ns1:CatalogID>1</ns1:CatalogID><ns1:SiteID>100</ns1:SiteID></ns1:Context><ns2:Localization
      xmlns:ns2="http://schemas.datacontract.org/2004/07/Cdiscount.Framework.Core.Communication.Messages"><ns2:Country>Fr</ns2:Country></ns2:Localization><ns3:Security
      xmlns:ns3="http://schemas.datacontract.org/2004/07/Cdiscount.Framework.Core.Communication.Messages"><ns3:DomainRightsList
      xmlns:xsi="http://www.w3.org/2001/XMLSchema-instance" xsi:nil="true"/><ns3:IssuerID
      xmlns:xsi="http://www.w3.org/2001/XMLSchema-instance" xsi:nil="true"/><ns3:SessionID
      xmlns:xsi="http://www.w3.org/2001/XMLSchema-instance" xsi:nil="true"/><ns3:TokenId>c3a2ad34c2974d19bd30458c553c5965</ns3:TokenId><ns3:UserName></ns3:UserName></ns3:Security><ns4:Version
      xmlns:ns4="http://schemas.datacontract.org/2004/07/Cdiscount.Framework.Core.Communication.Messages">1.0</ns4:Version></ns0:headerMessage><ns0:identifierRequest><ns0:IdentifierType>EAN</ns0:IdentifierType><ns0:ValueList><ns5:string
      xmlns:ns5="http://schemas.microsoft.com/2003/10/Serialization/Arrays">7426775682419</ns5:string></ns0:ValueList></ns0:identifierRequest></ns0:GetProductListByIdentifier></soap-env:Body></soap-env:Envelope>'
    headers:
      Accept:
      - '*/*'
      Accept-Encoding:
      - gzip, deflate
      Connection:
      - keep-alive
      Content-Length:
      - '1828'
      Content-Type:
      - text/xml; charset=utf-8
      SOAPAction:
      - '"http://www.cdiscount.com/IMarketplaceAPIService/GetProductListByIdentifier"'
      User-Agent:
      - Zeep/3.3.1 (www.python-zeep.org)
    method: POST
    uri: https://wsvc.cdiscount.com/MarketplaceAPIService.svc
  response:
    body:
      string: <s:Envelope xmlns:s="http://schemas.xmlsoap.org/soap/envelope/"><s:Body><GetProductListByIdentifierResponse
        xmlns="http://www.cdiscount.com"><GetProductListByIdentifierResult xmlns:a="http://www.cdiscount.com/ProductByIdentifier"
        xmlns:i="http://www.w3.org/2001/XMLSchema-instance"><ErrorMessage i:nil="true"
        xmlns="http://schemas.datacontract.org/2004/07/Cdiscount.Framework.Core.Communication.Messages"/><OperationSuccess
        xmlns="http://schemas.datacontract.org/2004/07/Cdiscount.Framework.Core.Communication.Messages">true</OperationSuccess><ErrorList/><SellerLogin
        i:nil="true"/><TokenId i:nil="true"/><a:ProductListByIdentifier><a:ProductByIdentifier><a:BrandName>HUGO
        BOSS</a:BrandName><a:CategoryCode>100A0401</a:CategoryCode><a:Color i:nil="true"/><a:Ean>7426775682419</a:Ean><a:ErrorMessage
        i:nil="true"/><a:FatherProductId>MP03030783</a:FatherProductId><a:HasError>false</a:HasError><a:ImageUrl>https://i2.cdscdn.com/pdt2/7/8/3/1/700x700/MP03030783.jpg</a:ImageUrl><a:Name>Hugo
        Boss Polo Homme HU6724928  Regular Fit</a:Name><a:ProductType>Variant</a:ProductType><a:Size>M</a:Size></a:ProductByIdentifier></a:ProductListByIdentifier></GetProductListByIdentifierResult></GetProductListByIdentifierResponse></s:Body></s:Envelope>
    headers:
      Content-Type:
      - text/xml; charset=utf-8
      Date:
      - Thu, 11 Apr 2019 12:17:40 GMT
      Vary:
      - Accept-Encoding
      content-length:
      - '1236'
    status:
      code: 200
      message: OK
- request:
    body: '<?xml version=''1.0'' encoding=''utf-8''?>

      <soap-env:Envelope xmlns:soap-env="http://schemas.xmlsoap.org/soap/envelope/"><soap-env:Header
      xmlns:wsa="http://www.w3.org/2005/08/addressing"><wsa:Action>http://www.cdiscount.com/IMarketplaceAPIService/GetProductListByIdentifier</wsa:Action><wsa:MessageID>urn:uuid:affc64ba-7aaa-47ea-a8a8-59bd3229ce4a</wsa:MessageID><wsa:To>https://wsvc.cdiscount.com/MarketplaceAPIService.svc</wsa:To></soap-env:Header><soap-env:Body><ns0:GetProductListByIdentifier
      xmlns:ns0="http://www.cdiscount.com"><ns0:headerMessage><ns1:Context xmlns:ns1="http://schemas.datacontract.org/2004/07/Cdiscount.Framework.Core.Communication.Messages"><ns1:CatalogID>1</ns1:CatalogID><ns1:SiteID>100</ns1:SiteID></ns1:Context><ns2:Localization
      xmlns:ns2="http://schemas.datacontract.org/2004/07/Cdiscount.Framework.Core.Communication.Messages"><ns2:Country>Fr</ns2:Country></ns2:Localization><ns3:Security
      xmlns:ns3="http://schemas.datacontract.org/2004/07/Cdiscount.Framework.Core.Communication.Messages"><ns3:DomainRightsList
      xmlns:xsi="http://www.w3.org/2001/XMLSchema-instance" xsi:nil="true"/><ns3:IssuerID
      xmlns:xsi="http://www.w3.org/2001/XMLSchema-instance" xsi:nil="true"/><ns3:SessionID
      xmlns:xsi="http://www.w3.org/2001/XMLSchema-instance" xsi:nil="true"/><ns3:TokenId>cc3c2bfec7004216a43b64c51faa1baa</ns3:TokenId><ns3:UserName></ns3:UserName></ns3:Security><ns4:Version
      xmlns:ns4="http://schemas.datacontract.org/2004/07/Cdiscount.Framework.Core.Communication.Messages">1.0</ns4:Version></ns0:headerMessage><ns0:identifierRequest><ns0:IdentifierType>EAN</ns0:IdentifierType><ns0:ValueList><ns5:string
      xmlns:ns5="http://schemas.microsoft.com/2003/10/Serialization/Arrays">7426775682419</ns5:string></ns0:ValueList></ns0:identifierRequest></ns0:GetProductListByIdentifier></soap-env:Body></soap-env:Envelope>'
    headers:
      Accept:
      - '*/*'
      Accept-Encoding:
      - gzip, deflate
      Connection:
      - keep-alive
      Content-Length:
      - '1828'
      Content-Type:
      - text/xml; charset=utf-8
      SOAPAction:
      - '"http://www.cdiscount.com/IMarketplaceAPIService/GetProductListByIdentifier"'
      User-Agent:
      - Zeep/3.3.1 (www.python-zeep.org)
    method: POST
    uri: https://wsvc.cdiscount.com/MarketplaceAPIService.svc
  response:
    body:
      string: <s:Envelope xmlns:s="http://schemas.xmlsoap.org/soap/envelope/"><s:Body><GetProductListByIdentifierResponse
        xmlns="http://www.cdiscount.com"><GetProductListByIdentifierResult xmlns:a="http://www.cdiscount.com/ProductByIdentifier"
        xmlns:i="http://www.w3.org/2001/XMLSchema-instance"><ErrorMessage i:nil="true"
        xmlns="http://schemas.datacontract.org/2004/07/Cdiscount.Framework.Core.Communication.Messages"/><OperationSuccess
        xmlns="http://schemas.datacontract.org/2004/07/Cdiscount.Framework.Core.Communication.Messages">true</OperationSuccess><ErrorList/><SellerLogin
        i:nil="true"/><TokenId i:nil="true"/><a:ProductListByIdentifier><a:ProductByIdentifier><a:BrandName>HUGO
        BOSS</a:BrandName><a:CategoryCode>100A0401</a:CategoryCode><a:Color i:nil="true"/><a:Ean>7426775682419</a:Ean><a:ErrorMessage
        i:nil="true"/><a:FatherProductId>MP03030783</a:FatherProductId><a:HasError>false</a:HasError><a:ImageUrl>https://i2.cdscdn.com/pdt2/7/8/3/1/700x700/MP03030783.jpg</a:ImageUrl><a:Name>Hugo
        Boss Polo Homme HU6724928  Regular Fit</a:Name><a:ProductType>Variant</a:ProductType><a:Size>M</a:Size></a:ProductByIdentifier></a:ProductListByIdentifier></GetProductListByIdentifierResult></GetProductListByIdentifierResponse></s:Body></s:Envelope>
    headers:
      Content-Length:
      - '1236'
      Content-Type:
      - text/xml; charset=utf-8
      Date:
      - Fri, 19 Apr 2019 10:14:30 GMT
    status:
      code: 200
      message: OK
- request:
    body: '<?xml version=''1.0'' encoding=''utf-8''?>

      <soap-env:Envelope xmlns:soap-env="http://schemas.xmlsoap.org/soap/envelope/"><soap-env:Header
      xmlns:wsa="http://www.w3.org/2005/08/addressing"><wsa:Action>http://www.cdiscount.com/IMarketplaceAPIService/GetProductListByIdentifier</wsa:Action><wsa:MessageID>urn:uuid:e5b4a38f-9ef2-42ce-983e-feae6f0ec587</wsa:MessageID><wsa:To>https://wsvc.cdiscount.com/MarketplaceAPIService.svc</wsa:To></soap-env:Header><soap-env:Body><ns0:GetProductListByIdentifier
      xmlns:ns0="http://www.cdiscount.com"><ns0:headerMessage><ns1:Context xmlns:ns1="http://schemas.datacontract.org/2004/07/Cdiscount.Framework.Core.Communication.Messages"><ns1:CatalogID>1</ns1:CatalogID><ns1:SiteID>100</ns1:SiteID></ns1:Context><ns2:Localization
      xmlns:ns2="http://schemas.datacontract.org/2004/07/Cdiscount.Framework.Core.Communication.Messages"><ns2:Country>Fr</ns2:Country></ns2:Localization><ns3:Security
      xmlns:ns3="http://schemas.datacontract.org/2004/07/Cdiscount.Framework.Core.Communication.Messages"><ns3:DomainRightsList
      xmlns:xsi="http://www.w3.org/2001/XMLSchema-instance" xsi:nil="true"/><ns3:IssuerID
      xmlns:xsi="http://www.w3.org/2001/XMLSchema-instance" xsi:nil="true"/><ns3:SessionID
      xmlns:xsi="http://www.w3.org/2001/XMLSchema-instance" xsi:nil="true"/><ns3:TokenId>8fac9513539a4368b4055672baa76903</ns3:TokenId><ns3:UserName></ns3:UserName></ns3:Security><ns4:Version
      xmlns:ns4="http://schemas.datacontract.org/2004/07/Cdiscount.Framework.Core.Communication.Messages">1.0</ns4:Version></ns0:headerMessage><ns0:identifierRequest><ns0:IdentifierType>EAN</ns0:IdentifierType><ns0:ValueList><ns5:string
      xmlns:ns5="http://schemas.microsoft.com/2003/10/Serialization/Arrays">7426775682419</ns5:string></ns0:ValueList></ns0:identifierRequest></ns0:GetProductListByIdentifier></soap-env:Body></soap-env:Envelope>'
    headers:
      Accept:
      - '*/*'
      Accept-Encoding:
      - gzip, deflate
      Connection:
      - keep-alive
      Content-Length:
      - '1828'
      Content-Type:
      - text/xml; charset=utf-8
      SOAPAction:
      - '"http://www.cdiscount.com/IMarketplaceAPIService/GetProductListByIdentifier"'
      User-Agent:
      - Zeep/3.3.1 (www.python-zeep.org)
    method: POST
    uri: https://wsvc.cdiscount.com/MarketplaceAPIService.svc
  response:
    body:
      string: <s:Envelope xmlns:s="http://schemas.xmlsoap.org/soap/envelope/"><s:Body><GetProductListByIdentifierResponse
        xmlns="http://www.cdiscount.com"><GetProductListByIdentifierResult xmlns:a="http://www.cdiscount.com/ProductByIdentifier"
        xmlns:i="http://www.w3.org/2001/XMLSchema-instance"><ErrorMessage i:nil="true"
        xmlns="http://schemas.datacontract.org/2004/07/Cdiscount.Framework.Core.Communication.Messages"/><OperationSuccess
        xmlns="http://schemas.datacontract.org/2004/07/Cdiscount.Framework.Core.Communication.Messages">true</OperationSuccess><ErrorList/><SellerLogin
        i:nil="true"/><TokenId i:nil="true"/><a:ProductListByIdentifier><a:ProductByIdentifier><a:BrandName>HUGO
        BOSS</a:BrandName><a:CategoryCode>100A0401</a:CategoryCode><a:Color i:nil="true"/><a:Ean>7426775682419</a:Ean><a:ErrorMessage
        i:nil="true"/><a:FatherProductId>MP03030783</a:FatherProductId><a:HasError>false</a:HasError><a:ImageUrl>https://i2.cdscdn.com/pdt2/7/8/3/1/700x700/MP03030783.jpg</a:ImageUrl><a:Name>Hugo
        Boss Polo Homme HU6724928  Regular Fit</a:Name><a:ProductType>Variant</a:ProductType><a:Size>M</a:Size></a:ProductByIdentifier></a:ProductListByIdentifier></GetProductListByIdentifierResult></GetProductListByIdentifierResponse></s:Body></s:Envelope>
    headers:
      Cache-Control:
      - private
      Content-Type:
      - text/xml; charset=utf-8
      Date:
      - Tue, 14 May 2019 08:31:52 GMT
      Vary:
      - Accept-Encoding
      content-length:
      - '1236'
    status:
      code: 200
      message: OK
- request:
    body: '<?xml version=''1.0'' encoding=''utf-8''?>

      <soap-env:Envelope xmlns:soap-env="http://schemas.xmlsoap.org/soap/envelope/"><soap-env:Header
      xmlns:wsa="http://www.w3.org/2005/08/addressing"><wsa:Action>http://www.cdiscount.com/IMarketplaceAPIService/GetProductListByIdentifier</wsa:Action><wsa:MessageID>urn:uuid:2787d9ef-11fa-473b-8b46-2457e1b1b89a</wsa:MessageID><wsa:To>https://wsvc.cdiscount.com/MarketplaceAPIService.svc</wsa:To></soap-env:Header><soap-env:Body><ns0:GetProductListByIdentifier
      xmlns:ns0="http://www.cdiscount.com"><ns0:headerMessage><ns1:Context xmlns:ns1="http://schemas.datacontract.org/2004/07/Cdiscount.Framework.Core.Communication.Messages"><ns1:CatalogID>1</ns1:CatalogID><ns1:SiteID>100</ns1:SiteID></ns1:Context><ns2:Localization
      xmlns:ns2="http://schemas.datacontract.org/2004/07/Cdiscount.Framework.Core.Communication.Messages"><ns2:Country>Fr</ns2:Country></ns2:Localization><ns3:Security
      xmlns:ns3="http://schemas.datacontract.org/2004/07/Cdiscount.Framework.Core.Communication.Messages"><ns3:DomainRightsList
      xmlns:xsi="http://www.w3.org/2001/XMLSchema-instance" xsi:nil="true"/><ns3:IssuerID
      xmlns:xsi="http://www.w3.org/2001/XMLSchema-instance" xsi:nil="true"/><ns3:SessionID
      xmlns:xsi="http://www.w3.org/2001/XMLSchema-instance" xsi:nil="true"/><ns3:TokenId>b52962643c6f44a7943604b417d0f46b</ns3:TokenId><ns3:UserName></ns3:UserName></ns3:Security><ns4:Version
      xmlns:ns4="http://schemas.datacontract.org/2004/07/Cdiscount.Framework.Core.Communication.Messages">1.0</ns4:Version></ns0:headerMessage><ns0:identifierRequest><ns0:IdentifierType>EAN</ns0:IdentifierType><ns0:ValueList><ns5:string
      xmlns:ns5="http://schemas.microsoft.com/2003/10/Serialization/Arrays">7426775682419</ns5:string></ns0:ValueList></ns0:identifierRequest></ns0:GetProductListByIdentifier></soap-env:Body></soap-env:Envelope>'
    headers:
      Accept:
      - '*/*'
      Accept-Encoding:
      - gzip, deflate
      Connection:
      - keep-alive
      Content-Length:
      - '1828'
      Content-Type:
      - text/xml; charset=utf-8
      SOAPAction:
      - '"http://www.cdiscount.com/IMarketplaceAPIService/GetProductListByIdentifier"'
      User-Agent:
      - Zeep/3.3.1 (www.python-zeep.org)
    method: POST
    uri: https://wsvc.cdiscount.com/MarketplaceAPIService.svc
  response:
    body:
      string: <s:Envelope xmlns:s="http://schemas.xmlsoap.org/soap/envelope/"><s:Body><GetProductListByIdentifierResponse
        xmlns="http://www.cdiscount.com"><GetProductListByIdentifierResult xmlns:a="http://www.cdiscount.com/ProductByIdentifier"
        xmlns:i="http://www.w3.org/2001/XMLSchema-instance"><ErrorMessage i:nil="true"
        xmlns="http://schemas.datacontract.org/2004/07/Cdiscount.Framework.Core.Communication.Messages"/><OperationSuccess
        xmlns="http://schemas.datacontract.org/2004/07/Cdiscount.Framework.Core.Communication.Messages">true</OperationSuccess><ErrorList/><SellerLogin
        i:nil="true"/><TokenId i:nil="true"/><a:ProductListByIdentifier><a:ProductByIdentifier><a:BrandName>HUGO
        BOSS</a:BrandName><a:CategoryCode>100A0401</a:CategoryCode><a:Color i:nil="true"/><a:Ean>7426775682419</a:Ean><a:ErrorMessage
        i:nil="true"/><a:FatherProductId>MP03030783</a:FatherProductId><a:HasError>false</a:HasError><a:ImageUrl>https://i2.cdscdn.com/pdt2/7/8/3/1/700x700/MP03030783.jpg</a:ImageUrl><a:Name>Hugo
        Boss Polo Homme HU6724928  Regular Fit</a:Name><a:ProductType>Variant</a:ProductType><a:Size>M</a:Size></a:ProductByIdentifier></a:ProductListByIdentifier></GetProductListByIdentifierResult></GetProductListByIdentifierResponse></s:Body></s:Envelope>
    headers:
      Content-Type:
      - text/xml; charset=utf-8
      Date:
      - Thu, 16 May 2019 15:33:37 GMT
      Vary:
      - Accept-Encoding
      content-length:
      - '1236'
    status:
      code: 200
      message: OK
- request:
    body: '<?xml version=''1.0'' encoding=''utf-8''?>

      <soap-env:Envelope xmlns:soap-env="http://schemas.xmlsoap.org/soap/envelope/"><soap-env:Header
      xmlns:wsa="http://www.w3.org/2005/08/addressing"><wsa:Action>http://www.cdiscount.com/IMarketplaceAPIService/GetProductListByIdentifier</wsa:Action><wsa:MessageID>urn:uuid:e59d875e-4435-4417-9aff-ad19face66bf</wsa:MessageID><wsa:To>https://wsvc.cdiscount.com/MarketplaceAPIService.svc</wsa:To></soap-env:Header><soap-env:Body><ns0:GetProductListByIdentifier
      xmlns:ns0="http://www.cdiscount.com"><ns0:headerMessage><ns1:Context xmlns:ns1="http://schemas.datacontract.org/2004/07/Cdiscount.Framework.Core.Communication.Messages"><ns1:CatalogID>1</ns1:CatalogID><ns1:SiteID>100</ns1:SiteID></ns1:Context><ns2:Localization
      xmlns:ns2="http://schemas.datacontract.org/2004/07/Cdiscount.Framework.Core.Communication.Messages"><ns2:Country>Fr</ns2:Country></ns2:Localization><ns3:Security
      xmlns:ns3="http://schemas.datacontract.org/2004/07/Cdiscount.Framework.Core.Communication.Messages"><ns3:DomainRightsList
      xmlns:xsi="http://www.w3.org/2001/XMLSchema-instance" xsi:nil="true"/><ns3:IssuerID
      xmlns:xsi="http://www.w3.org/2001/XMLSchema-instance" xsi:nil="true"/><ns3:SessionID
      xmlns:xsi="http://www.w3.org/2001/XMLSchema-instance" xsi:nil="true"/><ns3:TokenId>81b6d236be984094a5c5ae171a1882a2</ns3:TokenId><ns3:UserName></ns3:UserName></ns3:Security><ns4:Version
      xmlns:ns4="http://schemas.datacontract.org/2004/07/Cdiscount.Framework.Core.Communication.Messages">1.0</ns4:Version></ns0:headerMessage><ns0:identifierRequest><ns0:IdentifierType>EAN</ns0:IdentifierType><ns0:ValueList><ns5:string
      xmlns:ns5="http://schemas.microsoft.com/2003/10/Serialization/Arrays">7426775682419</ns5:string></ns0:ValueList></ns0:identifierRequest></ns0:GetProductListByIdentifier></soap-env:Body></soap-env:Envelope>'
    headers:
      Accept:
      - '*/*'
      Accept-Encoding:
      - gzip, deflate
      Connection:
      - keep-alive
      Content-Length:
      - '1828'
      Content-Type:
      - text/xml; charset=utf-8
      Cookie:
      - TBMCookie_6223335112164439712=702685001558599387j9xnM+4+oRD/z1mRHIDM7y6Ftc0=;
        ___utmvm=###########
      SOAPAction:
      - '"http://www.cdiscount.com/IMarketplaceAPIService/GetProductListByIdentifier"'
      User-Agent:
      - Zeep/3.3.1 (www.python-zeep.org)
    method: POST
    uri: https://wsvc.cdiscount.com/MarketplaceAPIService.svc
  response:
    body:
      string: <s:Envelope xmlns:s="http://schemas.xmlsoap.org/soap/envelope/"><s:Body><GetProductListByIdentifierResponse
        xmlns="http://www.cdiscount.com"><GetProductListByIdentifierResult xmlns:a="http://www.cdiscount.com/ProductByIdentifier"
        xmlns:i="http://www.w3.org/2001/XMLSchema-instance"><ErrorMessage i:nil="true"
        xmlns="http://schemas.datacontract.org/2004/07/Cdiscount.Framework.Core.Communication.Messages"/><OperationSuccess
        xmlns="http://schemas.datacontract.org/2004/07/Cdiscount.Framework.Core.Communication.Messages">true</OperationSuccess><ErrorList/><SellerLogin
        i:nil="true"/><TokenId i:nil="true"/><a:ProductListByIdentifier><a:ProductByIdentifier><a:BrandName>HUGO
        BOSS</a:BrandName><a:CategoryCode>100A0401</a:CategoryCode><a:Color i:nil="true"/><a:Ean>7426775682419</a:Ean><a:ErrorMessage
        i:nil="true"/><a:FatherProductId>MP03030783</a:FatherProductId><a:HasError>false</a:HasError><a:ImageUrl>https://i2.cdscdn.com/pdt2/7/8/3/1/700x700/MP03030783.jpg</a:ImageUrl><a:Name>Hugo
        Boss Polo Homme HU6724928  Regular Fit</a:Name><a:ProductType>Variant</a:ProductType><a:Size>M</a:Size></a:ProductByIdentifier></a:ProductListByIdentifier></GetProductListByIdentifierResult></GetProductListByIdentifierResponse></s:Body></s:Envelope>
    headers:
      Content-Type:
      - text/xml; charset=utf-8
      Date:
      - Thu, 23 May 2019 08:16:42 GMT
      Vary:
      - Accept-Encoding
      content-length:
      - '1236'
    status:
      code: 200
      message: OK
version: 1
